14:53:34 **** Build of configuration Debug for project LedToggle_F411_bitwise ****
make -j8 all 
arm-none-eabi-gcc -mcpu=cortex-m4 -g3 -c -x assembler-with-cpp -MMD -MP -MF"Startup/startup_stm32f411retx.d" -MT"Startup/startup_stm32f411retx.o" --specs=nano.specs -mfpu=fpv4-sp-d16 -mfloat-abi=hard -mthumb -o "Startup/startup_stm32f411retx.o" "../Startup/startup_stm32f411retx.s"
arm-none-eabi-gcc "../Src/main.c" -mcpu=cortex-m4 -std=gnu11 -g3 -DNUCLEO_F411RE -DSTM32 -DSTM32F4 -DSTM32F411RETx -DDEBUG -c -I../Inc -O0 -ffunction-sections -fdata-sections -Wall -fstack-usage -MMD -MP -MF"Src/main.d" -MT"Src/main.o" --specs=nano.specs -mfpu=fpv4-sp-d16 -mfloat-abi=hard -mthumb -o "Src/main.o"
arm-none-eabi-gcc "../Src/syscalls.c" -mcpu=cortex-m4 -std=gnu11 -g3 -DNUCLEO_F411RE -DSTM32 -DSTM32F4 -DSTM32F411RETx -DDEBUG -c -I../Inc -O0 -ffunction-sections -fdata-sections -Wall -fstack-usage -MMD -MP -MF"Src/syscalls.d" -MT"Src/syscalls.o" --specs=nano.specs -mfpu=fpv4-sp-d16 -mfloat-abi=hard -mthumb -o "Src/syscalls.o"
arm-none-eabi-gcc "../Src/sysmem.c" -mcpu=cortex-m4 -std=gnu11 -g3 -DNUCLEO_F411RE -DSTM32 -DSTM32F4 -DSTM32F411RETx -DDEBUG -c -I../Inc -O0 -ffunction-sections -fdata-sections -Wall -fstack-usage -MMD -MP -MF"Src/sysmem.d" -MT"Src/sysmem.o" --specs=nano.specs -mfpu=fpv4-sp-d16 -mfloat-abi=hard -mthumb -o "Src/sysmem.o"
arm-none-eabi-gcc -o "LedToggle_F411_bitwise.elf" @"objects.list"   -mcpu=cortex-m4 -T"F:\Embedded\EmbedMasterCourse\Embedded-C\My_workspace\target\LedToggle_F411_bitwise\STM32F411RETX_FLASH.ld" --specs=nosys.specs -Wl,-Map="LedToggle_F411_bitwise.map" -Wl,--gc-sections -static --specs=nano.specs -mfpu=fpv4-sp-d16 -mfloat-abi=hard -mthumb -Wl,--start-group -lc -lm -Wl,--end-group
Finished building target: LedToggle_F411_bitwise.elf
 
arm-none-eabi-size   LedToggle_F411_bitwise.elf 
arm-none-eabi-objdump -h -S  LedToggle_F411_bitwise.elf  > "LedToggle_F411_bitwise.list"
arm-none-eabi-objcopy  -O binary  LedToggle_F411_bitwise.elf  "LedToggle_F411_bitwise.bin"
   text	   data	    bss	    dec	    hex	filename
    788	      8	   1568	   2364	    93c	LedToggle_F411_bitwise.elf
Finished building: default.size.stdout
 
Finished building: LedToggle_F411_bitwise.list
Finished building: LedToggle_F411_bitwise.bin
 
 

14:53:36 Build Finished. 0 errors, 0 warnings. (took 1s.724ms)

